src/app/api/admin/developer-status/sync/route.ts(43,49): error TS7006: Parameter 'p' implicitly has an 'any' type.
src/app/api/admin/forgot-password/route.ts(15,36): error TS2339: Property 'admin' does not exist on type 'PrismaClient<PrismaClientOptions, never, $Extensions.DefaultArgs>'.
src/app/api/admin/forgot-password/route.ts(30,22): error TS2339: Property 'admin' does not exist on type 'PrismaClient<PrismaClientOptions, never, $Extensions.DefaultArgs>'.
src/app/api/admin/register/route.ts(52,44): error TS2339: Property 'admin' does not exist on type 'PrismaClient<PrismaClientOptions, never, $Extensions.DefaultArgs>'.
src/app/api/admin/register/route.ts(75,36): error TS2339: Property 'admin' does not exist on type 'PrismaClient<PrismaClientOptions, never, $Extensions.DefaultArgs>'.
src/app/api/admin/reset-password/route.ts(20,36): error TS2339: Property 'admin' does not exist on type 'PrismaClient<PrismaClientOptions, never, $Extensions.DefaultArgs>'.
src/app/api/admin/reset-password/route.ts(35,22): error TS2339: Property 'admin' does not exist on type 'PrismaClient<PrismaClientOptions, never, $Extensions.DefaultArgs>'.
src/app/api/admin/testimonials/route.ts(47,17): error TS2353: Object literal may only specify known properties, and 'deliveryRating' does not exist in type '(Without<TestimonialUpdateInput, TestimonialUncheckedUpdateInput> & TestimonialUncheckedUpdateInput) | (Without<...> & TestimonialUpdateInput)'.
src/app/api/blog/route.ts(47,13): error TS2322: Type '{ title: any; excerpt: any; content: any; category: any; readTime: any; published: any; }' is not assignable to type '(Without<BlogPostCreateInput, BlogPostUncheckedCreateInput> & BlogPostUncheckedCreateInput) | (Without<...> & BlogPostCreateInput)'.
  Type '{ title: any; excerpt: any; content: any; category: any; readTime: any; published: any; }' is not assignable to type 'Without<BlogPostUncheckedCreateInput, BlogPostCreateInput> & BlogPostCreateInput'.
    Property 'slug' is missing in type '{ title: any; excerpt: any; content: any; category: any; readTime: any; published: any; }' but required in type 'BlogPostCreateInput'.
src/app/api/diag-db/route.ts(9,41): error TS2339: Property 'admin' does not exist on type 'PrismaClient<PrismaClientOptions, never, $Extensions.DefaultArgs>'.
src/app/api/forgot-password/route.ts(35,36): error TS2339: Property 'admin' does not exist on type 'PrismaClient<PrismaClientOptions, never, $Extensions.DefaultArgs>'.
src/app/api/forgot-password/route.ts(43,26): error TS2339: Property 'admin' does not exist on type 'PrismaClient<PrismaClientOptions, never, $Extensions.DefaultArgs>'.
src/app/api/projects/route.ts(17,19): error TS2561: Object literal may only specify known properties, but 'created_at' does not exist in type 'ProjectOrderByWithRelationInput'. Did you mean to write 'createdAt'?
src/lib/admin-helpers.ts(29,33): error TS7006: Parameter 'h' implicitly has an 'any' type.
src/lib/admin-helpers.ts(38,29): error TS7006: Parameter 'm' implicitly has an 'any' type.
src/lib/admin-helpers.ts(47,27): error TS7006: Parameter 'a' implicitly has an 'any' type.
src/lib/admin-helpers.ts(64,29): error TS7006: Parameter 'l' implicitly has an 'any' type.
src/lib/admin-helpers.ts(73,33): error TS7006: Parameter 't' implicitly has an 'any' type.
src/lib/auth.ts(15,44): error TS2339: Property 'admin' does not exist on type 'PrismaClient<PrismaClientOptions, never, $Extensions.DefaultArgs>'.
