src/app/projects/[slug]/page.tsx(114,42): error TS2339: Property 'github' does not exist on type '{ id: string; title: string; category: string; isVisible: boolean; summary: string; description: string; status: string; role: string; tags: string[]; image: string; demo: string; github: string; isFeatured: boolean; ... 6 more ...; realStats: { ...; }; } | { ...; } | { ...; } | { ...; } | { ...; }'.
  Property 'github' does not exist on type '{ id: string; title: string; summary: string; description: string; category: string; status: string; role: string; tags: string[]; image: string; demo: string; problem: string; solution: string; results: string; ... 7 more ...; scalabilityDepth: number; }'.
src/app/projects/[slug]/page.tsx(114,60): error TS2339: Property 'github' does not exist on type '{ id: string; title: string; category: string; isVisible: boolean; summary: string; description: string; status: string; role: string; tags: string[]; image: string; demo: string; github: string; isFeatured: boolean; ... 6 more ...; realStats: { ...; }; } | { ...; } | { ...; } | { ...; } | { ...; }'.
  Property 'github' does not exist on type '{ id: string; title: string; summary: string; description: string; category: string; status: string; role: string; tags: string[]; image: string; demo: string; problem: string; solution: string; results: string; ... 7 more ...; scalabilityDepth: number; }'.
src/app/projects/[slug]/page.tsx(115,54): error TS2339: Property 'github' does not exist on type '{ id: string; title: string; category: string; isVisible: boolean; summary: string; description: string; status: string; role: string; tags: string[]; image: string; demo: string; github: string; isFeatured: boolean; ... 6 more ...; realStats: { ...; }; } | { ...; } | { ...; } | { ...; } | { ...; }'.
  Property 'github' does not exist on type '{ id: string; title: string; summary: string; description: string; category: string; status: string; role: string; tags: string[]; image: string; demo: string; problem: string; solution: string; results: string; ... 7 more ...; scalabilityDepth: number; }'.
src/app/projects/[slug]/page.tsx(227,92): error TS2339: Property 'architecture' does not exist on type '{ id: string; title: string; category: string; isVisible: boolean; summary: string; description: string; status: string; role: string; tags: string[]; image: string; demo: string; github: string; isFeatured: boolean; ... 6 more ...; realStats: { ...; }; } | { ...; } | { ...; } | { ...; } | { ...; }'.
  Property 'architecture' does not exist on type '{ id: string; title: string; category: string; isVisible: boolean; summary: string; description: string; status: string; role: string; tags: string[]; image: string; demo: string; github: string; isFeatured: boolean; ... 6 more ...; realStats: { ...; }; }'.
src/app/projects/[slug]/page.tsx(227,116): error TS2339: Property 'systemArchitecture' does not exist on type '{ id: string; title: string; category: string; isVisible: boolean; summary: string; description: string; status: string; role: string; tags: string[]; image: string; demo: string; github: string; isFeatured: boolean; ... 6 more ...; realStats: { ...; }; } | { ...; } | { ...; } | { ...; } | { ...; }'.
  Property 'systemArchitecture' does not exist on type '{ id: string; title: string; summary: string; description: string; category: string; status: string; role: string; tags: string[]; image: string; demo: string; problem: string; solution: string; results: string; ... 7 more ...; scalabilityDepth: number; }'.
src/app/projects/[slug]/page.tsx(242,68): error TS2339: Property 'engineering' does not exist on type '{ id: string; title: string; category: string; isVisible: boolean; summary: string; description: string; status: string; role: string; tags: string[]; image: string; demo: string; github: string; isFeatured: boolean; ... 6 more ...; realStats: { ...; }; } | { ...; } | { ...; } | { ...; } | { ...; }'.
  Property 'engineering' does not exist on type '{ id: string; title: string; category: string; isVisible: boolean; summary: string; description: string; status: string; role: string; tags: string[]; image: string; demo: string; github: string; isFeatured: boolean; ... 6 more ...; realStats: { ...; }; }'.
src/app/projects/[slug]/page.tsx(246,96): error TS2339: Property 'backendDepth' does not exist on type '{ id: string; title: string; category: string; isVisible: boolean; summary: string; description: string; status: string; role: string; tags: string[]; image: string; demo: string; github: string; isFeatured: boolean; ... 6 more ...; realStats: { ...; }; } | { ...; } | { ...; } | { ...; } | { ...; }'.
  Property 'backendDepth' does not exist on type '{ id: string; title: string; category: string; isVisible: boolean; summary: string; description: string; status: string; role: string; tags: string[]; image: string; demo: string; github: string; isFeatured: boolean; ... 6 more ...; realStats: { ...; }; }'.
src/app/projects/[slug]/page.tsx(247,104): error TS2339: Property 'securityDepth' does not exist on type '{ id: string; title: string; category: string; isVisible: boolean; summary: string; description: string; status: string; role: string; tags: string[]; image: string; demo: string; github: string; isFeatured: boolean; ... 6 more ...; realStats: { ...; }; } | { ...; } | { ...; } | { ...; } | { ...; }'.
  Property 'securityDepth' does not exist on type '{ id: string; title: string; category: string; isVisible: boolean; summary: string; description: string; status: string; role: string; tags: string[]; image: string; demo: string; github: string; isFeatured: boolean; ... 6 more ...; realStats: { ...; }; }'.
src/app/projects/[slug]/page.tsx(248,104): error TS2339: Property 'scalabilityDepth' does not exist on type '{ id: string; title: string; category: string; isVisible: boolean; summary: string; description: string; status: string; role: string; tags: string[]; image: string; demo: string; github: string; isFeatured: boolean; ... 6 more ...; realStats: { ...; }; } | { ...; } | { ...; } | { ...; } | { ...; }'.
  Property 'scalabilityDepth' does not exist on type '{ id: string; title: string; category: string; isVisible: boolean; summary: string; description: string; status: string; role: string; tags: string[]; image: string; demo: string; github: string; isFeatured: boolean; ... 6 more ...; realStats: { ...; }; }'.
src/app/projects/[slug]/page.tsx(290,64): error TS2339: Property 'problem' does not exist on type '{ id: string; title: string; category: string; isVisible: boolean; summary: string; description: string; status: string; role: string; tags: string[]; image: string; demo: string; github: string; isFeatured: boolean; ... 6 more ...; realStats: { ...; }; } | { ...; } | { ...; } | { ...; } | { ...; }'.
  Property 'problem' does not exist on type '{ id: string; title: string; category: string; isVisible: boolean; summary: string; description: string; status: string; role: string; tags: string[]; image: string; demo: string; github: string; isFeatured: boolean; ... 6 more ...; realStats: { ...; }; }'.
src/app/projects/[slug]/page.tsx(300,58): error TS2339: Property 'solution' does not exist on type '{ id: string; title: string; category: string; isVisible: boolean; summary: string; description: string; status: string; role: string; tags: string[]; image: string; demo: string; github: string; isFeatured: boolean; ... 6 more ...; realStats: { ...; }; } | { ...; } | { ...; } | { ...; } | { ...; }'.
  Property 'solution' does not exist on type '{ id: string; title: string; category: string; isVisible: boolean; summary: string; description: string; status: string; role: string; tags: string[]; image: string; demo: string; github: string; isFeatured: boolean; ... 6 more ...; realStats: { ...; }; }'.
src/app/projects/[slug]/page.tsx(312,59): error TS2339: Property 'valuePoints' does not exist on type '{ id: string; title: string; category: string; isVisible: boolean; summary: string; description: string; status: string; role: string; tags: string[]; image: string; demo: string; github: string; isFeatured: boolean; ... 6 more ...; realStats: { ...; }; } | { ...; } | { ...; } | { ...; } | { ...; }'.
  Property 'valuePoints' does not exist on type '{ id: string; title: string; summary: string; description: string; category: string; status: string; role: string; tags: string[]; image: string; demo: string; problem: string; solution: string; results: string; ... 7 more ...; scalabilityDepth: number; }'.
src/app/projects/[slug]/page.tsx(312,145): error TS7006: Parameter 'point' implicitly has an 'any' type.
src/app/projects/[slug]/page.tsx(312,152): error TS7006: Parameter 'i' implicitly has an 'any' type.
