.next/types/app/api/projects/[id]/route.ts(49,7): error TS2344: Type '{ __tag__: "GET"; __param_position__: "second"; __param_type__: { params: { id: string; }; }; }' does not satisfy the constraint 'ParamCheck<RouteContext>'.
  The types of '__param_type__.params' are incompatible between these types.
    Type '{ id: string; }' is missing the following properties from type 'Promise<any>': then, catch, finally, [Symbol.toStringTag]
.next/types/app/api/projects/[id]/route.ts(244,7): error TS2344: Type '{ __tag__: "DELETE"; __param_position__: "second"; __param_type__: { params: { id: string; }; }; }' does not satisfy the constraint 'ParamCheck<RouteContext>'.
  The types of '__param_type__.params' are incompatible between these types.
    Type '{ id: string; }' is missing the following properties from type 'Promise<any>': then, catch, finally, [Symbol.toStringTag]
.next/types/app/api/projects/[id]/route.ts(283,7): error TS2344: Type '{ __tag__: "PATCH"; __param_position__: "second"; __param_type__: { params: { id: string; }; }; }' does not satisfy the constraint 'ParamCheck<RouteContext>'.
  The types of '__param_type__.params' are incompatible between these types.
    Type '{ id: string; }' is missing the following properties from type 'Promise<any>': then, catch, finally, [Symbol.toStringTag]
.next/types/validator.ts(531,31): error TS2344: Type 'typeof import("C:/portfolio/client/src/app/api/projects/[id]/route")' does not satisfy the constraint 'RouteHandlerConfig<"/api/projects/[id]">'.
  Types of property 'GET' are incompatible.
    Type '(req: Request, { params }: { params: { id: string; }; }) => Promise<NextResponse<{ id: string; created_at: Date; updated_at: Date; status: string; description: string; timeline: JsonValue; ... 32 more ...; gallery: string[]; }> | NextResponse<...>>' is not assignable to type '(request: NextRequest, context: { params: Promise<{ id: string; }>; }) => void | Response | Promise<void | Response>'.
      Types of parameters '__1' and 'context' are incompatible.
        Type '{ params: Promise<{ id: string; }>; }' is not assignable to type '{ params: { id: string; }; }'.
          Types of property 'params' are incompatible.
            Property 'id' is missing in type 'Promise<{ id: string; }>' but required in type '{ id: string; }'.
src/components/admin/AdminDashboard.tsx(331,128): error TS2322: Type '() => Promise<AdminProject[] | undefined>' is not assignable to type '() => Promise<void>'.
  Type 'Promise<AdminProject[] | undefined>' is not assignable to type 'Promise<void>'.
    Type 'AdminProject[] | undefined' is not assignable to type 'void'.
      Type 'AdminProject[]' is not assignable to type 'void'.
