
> portfolio-monorepo@0.1.0 build
> npx prisma generate --schema=packages/database/prisma/schema.prisma && npm run build -w @portfolio/shared && npm run build -w @portfolio/backend && npm run build -w @portfolio/frontend

node.exe : 
Environment variables 
loaded from .env
At line:1 char:1
+ & "C:\Program Files\
nodejs/node.exe" 
"C:\Program 
Files\nodejs/node_mo 
...
+ ~~~~~~~~~~~~~~~~~~~~
~~~~~~~~~~~~~~~~~~~~~~
~~~~~~~~~~~~~~~~~~~~~~
~~~~~
    + CategoryInfo    
          : NotSpeci  
  fied: (Environmen   
 t variables loade    
d from .env:Strin    
g) [], RemoteExce    
ption
    + FullyQualifiedE 
   rrorId : NativeCo  
  mmandError
 
Prisma schema loaded from packages\database\prisma\schema.prisma

Γ£ö Generated Prisma Client (v6.19.2) to .\node_modules\@prisma\client in 217ms

Start by importing your Prisma Client (See: https://pris.ly/d/importing-client)

Tip: Interested in query caching in just a few lines of code? Try Accelerate today! https://pris.ly/tip-3-accelerate


> @portfolio/shared@0.1.0 build
> tsc


> @portfolio/backend@0.1.0 build
> tsc


> @portfolio/frontend@0.1.0 build
> next build

   Γû▓ Next.js 15.5.12
   - Environments: .env

   Creating an optimized production build ...
 Γ£ô Compiled successfully in 27.6s
   Linting and checking validity of types ...
 Γ¿» ESLint: Invalid 
Options: - Unknown 
options: useEslintrc, 
extensions - 
'extensions' has been 
removed.
   Collecting page data ...
   Generating static pages (0/12) ...
   Generating static pages (3/12) 
   Generating static pages (6/12) 
   Generating static pages (9/12) 
 Γ£ô Generating static pages (12/12)
   Finalizing page optimization ...
   Collecting build traces ...

Route (app)                                 Size  First Load JS
Γöî Γùï /                                    5.95 kB         158 kB
Γö£ Γùï /_not-found                            993 B         103 kB
Γö£ Γùï /admin                               33.6 kB         186 kB
Γö£ Γùï /admin/forgot-password               1.53 kB         107 kB
Γö£ Γùï /admin/register                      2.41 kB         108 kB
Γö£ Γùï /admin/reset-password                1.89 kB         107 kB
Γö£ Γùï /blog                                1.55 kB         112 kB
Γö£ Γùï /icon.svg                                0 B            0 B
Γö£ Γùï /robots.txt                            127 B         102 kB
Γöö Γùï /sitemap.xml                           127 B         102 kB
+ First Load JS shared by all             102 kB
  Γö£ chunks/131-bc02ec684d408b53.js       45.1 kB
  Γö£ chunks/c7879cf7-b5ab1053c1d9a2e7.js  54.2 kB
  Γöö other shared chunks (total)          2.39 kB


╞Æ Middleware                             39.9 kB

Γùï  (Static)  prerendered as static content

