
> portfolio@0.1.0 build
> next build

   Γû▓ Next.js 15.1.7

   Creating an optimized production build ...
node.exe : [Error: 
Cannot apply unknown 
utility class 
`bg-white/5`. Are 
you using CSS 
modules or similar 
and missing 
`@reference`? https:/
/tailwindcss.com/docs
/functions-and-direct
ives#reference-direct
ive]
At line:1 char:1
+ & "C:\Program Files
\nodejs/node.exe" 
"C:\Program 
Files\nodejs/node_mo 
...
+ ~~~~~~~~~~~~~~~~~~~
~~~~~~~~~~~~~~~~~~~~~
~~~~~~~~~~~~~~~~~~~~~
~~~~~~~~
    + CategoryInfo   
           : NotSpe  
  cified: ([Error:   
  Cannot ...ence-    
directive]:Strin    
g) [], RemoteExc    
eption
    + FullyQualified 
   ErrorId : Native  
  CommandError
 
<w> [webpack.cache.Pa
ckFileCacheStrategy] 
Skipped not 
serializable cache 
item 'Compilation/mod
ules|C:\portfolio\nod
e_modules\next\dist\b
uild\webpack\loaders\
css-loader\src\index.
js??ruleSet[1].rules[
13].oneOf[10].use[2]!
C:\portfolio\node_mod
ules\next\dist\build\
webpack\loaders\postc
ss-loader\src\index.j
s??ruleSet[1].rules[1
3].oneOf[10].use[3]!C
:\portfolio\src\app\g
lobals.css': No 
serializer 
registered for 
PostCSSSyntaxError
<w> while 
serializing webpack/l
ib/cache/PackFileCach
eStrategy.PackContent
Items -> webpack/lib/
NormalModule -> webpa
ck/lib/ModuleBuildErr
or -> 
PostCSSSyntaxError
Failed to compile.

./src/app/globals.css
:1:1
Syntax error: 
tailwindcss: C:\portf
olio\src\app\globals.
css Cannot apply 
unknown utility 
class `bg-white/5`. 
Are you using CSS 
modules or similar 
and missing 
`@reference`? https:/
/tailwindcss.com/docs
/functions-and-direct
ives#reference-direct
ive

[1m[31m>[39m[22m
[90m 1 | [39m[36m@t
ailwind[39m 
base[33m;[39m
 [90m   | [39m[1m
[31m^[39m[22m
 [90m 2 | [39m[36m
@tailwind[39m 
components[33m;[39m
 [90m 3 | [39m[36m
@tailwind[39m 
utilities[33m;[39m

./src/app/globals.css
Syntax error: 
tailwindcss: C:\portf
olio\src\app\globals.
css Cannot apply 
unknown utility 
class `bg-white/5`. 
Are you using CSS 
modules or similar 
and missing 
`@reference`? https:/
/tailwindcss.com/docs
/functions-and-direct
ives#reference-direct
ive (1:1)

[1m[31m>[39m[22m
[90m 1 | [39m[36m@t
ailwind[39m 
base[33m;[39m
 [90m   | [39m[1m
[31m^[39m[22m
 [90m 2 | [39m[36m
@tailwind[39m 
components[33m;[39m
 [90m 3 | [39m[36m
@tailwind[39m 
utilities[33m;[39m

    at 
tryRunOrWebpackError 
(C:\portfolio\node_mo
dules\next\dist\compi
led\webpack\bundle5.j
s:28:314962)
    at __webpack_requ
ire_module__ (C:\port
folio\node_modules\ne
xt\dist\compiled\webp
ack\bundle5.js:28:131
434)
    at __nested_webpa
ck_require_161179__ (
C:\portfolio\node_mod
ules\next\dist\compil
ed\webpack\bundle5.js
:28:130872)
    at C:\portfolio\n
ode_modules\next\dist
\compiled\webpack\bun
dle5.js:28:131723
    at 
symbolIterator (C:\po
rtfolio\node_modules\
next\dist\compiled\ne
o-async\async.js:1:14
444)
    at done (C:\portf
olio\node_modules\nex
t\dist\compiled\neo-a
sync\async.js:1:14824
)
    at Hook.eval [as 
callAsync] (eval at 
create (C:\portfolio\
node_modules\next\dis
t\compiled\webpack\bu
ndle5.js:13:9218), 
<anonymous>:15:1)
    at Hook.CALL_ASYN
C_DELEGATE [as 
_callAsync] (C:\portf
olio\node_modules\nex
t\dist\compiled\webpa
ck\bundle5.js:13:6372
)
    at C:\portfolio\n
ode_modules\next\dist
\compiled\webpack\bun
dle5.js:28:130593
    at 
symbolIterator (C:\po
rtfolio\node_modules\
next\dist\compiled\ne
o-async\async.js:1:14
402)
-- inner error --
Syntax error: 
tailwindcss: C:\portf
olio\src\app\globals.
css Cannot apply 
unknown utility 
class `bg-white/5`. 
Are you using CSS 
modules or similar 
and missing 
`@reference`? https:/
/tailwindcss.com/docs
/functions-and-direct
ives#reference-direct
ive (1:1)

[1m[31m>[39m[22m
[90m 1 | [39m[36m@t
ailwind[39m 
base[33m;[39m
 [90m   | [39m[1m
[31m^[39m[22m
 [90m 2 | [39m[36m
@tailwind[39m 
components[33m;[39m
 [90m 3 | [39m[36m
@tailwind[39m 
utilities[33m;[39m

    at 
Object.<anonymous> (C
:\portfolio\node_modu
les\next\dist\build\w
ebpack\loaders\css-lo
ader\src\index.js??ru
leSet[1].rules[13].on
eOf[10].use[2]!C:\por
tfolio\node_modules\n
ext\dist\build\webpac
k\loaders\postcss-loa
der\src\index.js??rul
eSet[1].rules[13].one
Of[10].use[3]!C:\port
folio\src\app\globals
.css:1:7)
    at C:\portfolio\n
ode_modules\next\dist
\compiled\webpack\bun
dle5.js:28:955548
    at Hook.eval [as 
call] (eval at 
create (C:\portfolio\
node_modules\next\dis
t\compiled\webpack\bu
ndle5.js:13:8996), 
<anonymous>:7:1)
    at 
Hook.CALL_DELEGATE 
[as _call] (C:\portfo
lio\node_modules\next
\dist\compiled\webpac
k\bundle5.js:13:6266)
    at C:\portfolio\n
ode_modules\next\dist
\compiled\webpack\bun
dle5.js:28:131467
    at 
tryRunOrWebpackError 
(C:\portfolio\node_mo
dules\next\dist\compi
led\webpack\bundle5.j
s:28:314916)
    at __webpack_requ
ire_module__ (C:\port
folio\node_modules\ne
xt\dist\compiled\webp
ack\bundle5.js:28:131
434)
    at __nested_webpa
ck_require_161179__ (
C:\portfolio\node_mod
ules\next\dist\compil
ed\webpack\bundle5.js
:28:130872)
    at C:\portfolio\n
ode_modules\next\dist
\compiled\webpack\bun
dle5.js:28:131723
    at 
symbolIterator (C:\po
rtfolio\node_modules\
next\dist\compiled\ne
o-async\async.js:1:14
444)

Generated code for C:
\portfolio\node_modul
es\next\dist\build\we
bpack\loaders\css-loa
der\src\index.js??rul
eSet[1].rules[13].one
Of[10].use[2]!C:\port
folio\node_modules\ne
xt\dist\build\webpack
\loaders\postcss-load
er\src\index.js??rule
Set[1].rules[13].oneO
f[10].use[3]!C:\portf
olio\src\app\globals.
css

Import trace for 
requested module:
./src/app/globals.css


> Build failed 
because of webpack 
errors
